// Jest Snapshot v1, https://goo.gl/fbAQLP

exports[`sign challenge utils creates sha256 hash 1`] = `"y+lxwUCAeUZJ4WjURP9rKlMJWvFIpUPwojhTIer3rKA="`;

exports[`sign challenge utils creates signing input string 1`] = `"FBKctWr0SvX3UKy1yxvJJA0D0D3Kz9ZoZmWW3MEq7z8="`;
