// Jest Snapshot v1, https://goo.gl/fbAQLP

exports[`sign challenge utils creates header and payload string 1`] = `
Object {
  "encodedBase64Header": "eyJhbGciOiJSUzI1NiIsIng1YyI6WyJNSUlFcHpDQ0E0K2dBd0lCQWdJRVhFb3U3VEFOQmdrcWhraUc5dzBCQVFzRkFEQ0JoekVqTUNFR0ExVUVBd3dhUXk1RlNFVllMa2hWVFVGT0xVTkJNU0JVUlZOVUxVOU9URmt4TlRBekJnTlZCQXNNTEdWSVpXRnNkR2hGZUhCbGNuUnpMVU5CSUdSbGNpQlVaV3hsYldGMGFXdHBibVp5WVhOMGNuVnJkSFZ5TVJ3d0dnWURWUVFLREJObFNHVmhiSFJvUlhod1pYSjBjeUJIYldKSU1Rc3dDUVlEVlFRR0V3SkVSVEFlRncweU1UQTVNamd4TVRBME5EbGFGdzAwT0RFeU16QXlNekF3TURCYU1HVXhHakFZQmdOVkJBTU1FVlJsYzNRZ1VISmhlR2x6SUZaaGJHbGtNUnd3R2dZRFZRUUZFeE14TFhOdFkySXRaRzlqZEc5eUxYWmhiR2xrTVJ3d0dnWURWUVFLREJObFNHVmhiSFJvUlhod1pYSjBjeUJIYldKSU1Rc3dDUVlEVlFRR0V3SkVSVENDQVNJd0RRWUpLb1pJaHZjTkFRRUJCUUFEZ2dFUEFEQ0NBUW9DZ2dFQkFLa0tZNEtxMlpXUkNabnkrOGxyNjcvK3RucnVBSnB4akRQRHpQSU5sN1lDNlh0THI0WC9uUFZoQW0vN0E0T2hJdzNaRDgwdW4yeEcxelQwc2svU2xvWU55N0U1Q0hyd2JYeVRRRnNncy9LWTZZdjZxdEdIaHpKZ3haZ0N4aDUxZEVxTkFCTlhqZXVmT1B5YmlmaHBmVHVPTEJQV09NWnNtNytaMFl2SGFxY1dTTUllK1orQjZ0YWhuVTNwbUlCUXRWbTJQQ1JRNHk3SjJJYUdKSldEbVNPdTM3NGdaWjNQRCtkV0RoQjZuaEk0OXY1dGtFSWFMSDIyeWFHdzFxV2duT3R2Q0JTY2trY0txOGFjVC8wL3AvQ2x1Ulo2Zi9LVDlidDJGSHRPZHZxM3BBS3BzS3FpUXZ0S1hGUjJYc2JscStReTVkVXZGeEFsOWZkTk83dUJ2d3NDQXdFQUFhT0NBVG93Z2dFMk1COEdBMVVkSXdRWU1CYUFGT1BaWGd1N0ZWVnBKSXUybHJ0dnpFSGRCM3BmTUIwR0ExVWREZ1FXQkJRTlN4dEV5cmFVWWV4bDMvYXBqeVJHdk54ZmNqQU1CZ05WSFJNQkFmOEVBakFBTUE0R0ExVWREd0VCL3dRRUF3SUZvREFUQmdOVkhTVUVEREFLQmdnckJnRUZCUWNEQWpBZ0JnTlZIU0FFR1RBWE1Bb0dDQ3FDRkFCTUJJRWpNQWtHQnlxQ0ZBQk1CRTB3VWdZSUt3WUJCUVVIQVFFRVJqQkVNRUlHQ0NzR0FRVUZCekFCaGpab2RIUndPaTh2YjJOemNDNWxhR1Y0TG1SbE9qSTFOakF2WldwaVkyRXZjSEpwZG1GMFpTOTNaV0l2YzNSaGRIVnpMMjlqYzNBd1N3WUZLeVFJQXdNRVFqQkFNRDR3UERBNk1EZ3dGZ3dVUW1WMGNtbGxZbk56ZE1Pa2RIUmxJRUZ5ZW5Rd0NRWUhLb0lVQUV3RU1oTVRNUzF6YldOaUxXUnZZM1J2Y2kxMllXeHBaREFOQmdrcWhraUc5dzBCQVFzRkFBT0NBUUVBSXVubHBrMms0YW1mcmFLcUcrWERmWEhsd2tSV3c5c0FRczhhZEREbENFODdZRUZEbmpQZHRMamY3aUcrSU9CTDhsSjFtRU1QY2xhajhSVC90L0N0elFJQWdLUjJpUmNEUlR3Ym5DeWFtYXV2Y0wvOTVPbkJqQnpIRkt2VUFvZUlLRnJsNFMybmZtb1dYbjRUNy9BNlNtMkI2RDZJTkM5UG1DSXJ5d0tVYUhoaGQ5TzI1Q0lOSE96Z3RZM01kRXRBbHVGUzJFSEtQMTNOVUtrNE5tTS9TK1pTSkUxZTIydFE3VHhnYVowUDcrZ2MxUWg5K1ZkRVJPS2J1cFR2UWV6QW1IOHN2Q216aVhyb0JSa2dPaUkrMFN1SjFobzdoS2tMUVRnc0NWMURTZ3RMcGNIa1FxZ1ZObU1KVkRTUXp4U2dzREZ4bGM3aTAxRVhkRUx4Nm1nK1JBPT0iXX0",
  "encodedBase64Payload": "eyJjaGFsbGVuZ2UiOiJLdWFTOXRVN1o2NzZPejF3MHYwdkNJcGdmdDIxSzhlaVFLRGt3UF9IWGRFIiwic2lkIjoiQTljdEJXVktKT1ElM0QifQ",
}
`;

exports[`sign challenge utils creates sha256 hash 1`] = `"y+lxwUCAeUZJ4WjURP9rKlMJWvFIpUPwojhTIer3rKA="`;

exports[`sign challenge utils creates signing input string 1`] = `"zTMBn8QxC26ez7OcTsiiKcPRoKiBk7YzEf4p9YjlbGw="`;
