// Jest Snapshot v1, https://goo.gl/fbAQLP

exports[`multi-hba select SelectHBAModal render  1`] = `
<div
  class="overflow-x-hidden overflow-y-auto fixed inset-0 z-50 outline-none focus:outline-none justify-center items-center flex"
  id="multi-card-select-container"
>
  <div
    class="relative my-6 mx-auto max-w-6xl p-6 min-w-2"
  >
    <!--content-->
    <div>
      <!--body-->
      <div
        class="border-0 rounded-lg shadow-lg relative flex flex-col w-full bg-white outline-none focus:outline-none px-6"
      >
        <div
          class="flex items-start justify-between p-5 border-b border-solid border-slate-200 rounded-md"
        >
          <div>
            <h3
              class="text-2xl align-middle font-semibold"
            >
              Bitte w√§hlen Sie eine HBA aus:
            </h3>
            <h3
              class="text-xs align-middle font-semibold"
            >
              ( Es befinden sich mehrere HBAs in den verbundenen Kartenterminals )
            </h3>
          </div>
        </div>
        <!--header-->
        <!--body-->
        <div
          class="relative p-4 flex-auto rounded-md w-full"
        >
          <div
            class="w-full"
          >
            
            <div>
              <button
                class="bg-blue-500 w-full text-white active:bg-blue-600 font-bold text-xs px-6 py-3 rounded shadow hover:shadow-lg outline-none focus:outline-none mr-1 mb-1 ease-linear transition-all duration-150"
                id="MULTI-CARD-SELECT_0"
                type="button"
              >
                1.  / Kartenhalter:  / ICCSN: 
              </button>
            </div>
            <div>
              <button
                class="bg-blue-500 w-full text-white active:bg-blue-600 font-bold text-xs px-6 py-3 rounded shadow hover:shadow-lg outline-none focus:outline-none mr-1 mb-1 ease-linear transition-all duration-150"
                id="MULTI-CARD-SELECT_1"
                type="button"
              >
                2.  / Kartenhalter:  / ICCSN: 
              </button>
            </div>
            
          </div>
          <div>
            <button
              class="bt font-bold text-xs px-6 py-3 rounded shadow hover:shadow-lg outline-none focus:outline-none mr-1 mb-1 ease-linear transition-all duration-150"
              id="MULTI-CARD-CANCEL-SELECT"
              type="button"
            >
              Abbrechen
            </button>
          </div>
        </div>
      </div>
    </div>
  </div>
</div>
`;
